------------------------------------------------------------
Timing Analyzer Summary
------------------------------------------------------------

Type  : Slow 1100mV 85C Model Setup 'clk'
Slack : -12.506
TNS   : -5885.131

Type  : Slow 1100mV 85C Model Hold 'clk'
Slack : 0.303
TNS   : 0.000

Type  : Slow 1100mV 85C Model Minimum Pulse Width 'clk'
Slack : -0.724
TNS   : -1207.007

Type  : Slow 1100mV 0C Model Setup 'clk'
Slack : -12.814
TNS   : -5648.376

Type  : Slow 1100mV 0C Model Hold 'clk'
Slack : 0.297
TNS   : 0.000

Type  : Slow 1100mV 0C Model Minimum Pulse Width 'clk'
Slack : -0.724
TNS   : -1206.312

Type  : Fast 1100mV 85C Model Setup 'clk'
Slack : -4.748
TNS   : -1973.749

Type  : Fast 1100mV 85C Model Hold 'clk'
Slack : 0.143
TNS   : 0.000

Type  : Fast 1100mV 85C Model Minimum Pulse Width 'clk'
Slack : -0.093
TNS   : -93.770

Type  : Fast 1100mV 0C Model Setup 'clk'
Slack : -4.337
TNS   : -1674.754

Type  : Fast 1100mV 0C Model Hold 'clk'
Slack : 0.133
TNS   : 0.000

Type  : Fast 1100mV 0C Model Minimum Pulse Width 'clk'
Slack : -0.089
TNS   : -93.110

------------------------------------------------------------
