------------------------------------------------------------
Timing Analyzer Summary
------------------------------------------------------------

Type  : Slow 1100mV 85C Model Setup 'clk'
Slack : -12.554
TNS   : -4991.404

Type  : Slow 1100mV 85C Model Hold 'clk'
Slack : 0.305
TNS   : 0.000

Type  : Slow 1100mV 85C Model Minimum Pulse Width 'clk'
Slack : -0.724
TNS   : -1207.014

Type  : Slow 1100mV 0C Model Setup 'clk'
Slack : -12.790
TNS   : -4658.783

Type  : Slow 1100mV 0C Model Hold 'clk'
Slack : 0.296
TNS   : 0.000

Type  : Slow 1100mV 0C Model Minimum Pulse Width 'clk'
Slack : -0.724
TNS   : -1206.584

Type  : Fast 1100mV 85C Model Setup 'clk'
Slack : -4.702
TNS   : -1668.033

Type  : Fast 1100mV 85C Model Hold 'clk'
Slack : 0.142
TNS   : 0.000

Type  : Fast 1100mV 85C Model Minimum Pulse Width 'clk'
Slack : -0.091
TNS   : -94.544

Type  : Fast 1100mV 0C Model Setup 'clk'
Slack : -4.293
TNS   : -1367.177

Type  : Fast 1100mV 0C Model Hold 'clk'
Slack : 0.131
TNS   : 0.000

Type  : Fast 1100mV 0C Model Minimum Pulse Width 'clk'
Slack : -0.089
TNS   : -93.424

------------------------------------------------------------
